==== Running npm ci --save=false --fund=false --audit=false in E:\copilotbrowser\tests\copilotbrowser-test\stable-test-runner

added 1 package in 1s
==== Running npm ci --save=false --fund=false --audit=false --omit=optional in E:\copilotbrowser\packages\copilotbrowser\bundles\babel

added 75 packages in 3s
==== Running npm ci --save=false --fund=false --audit=false --omit=optional in E:\copilotbrowser\packages\copilotbrowser\bundles\expect

added 47 packages in 4s
==== Running npm ci --save=false --fund=false --audit=false --omit=optional in E:\copilotbrowser\packages\copilotbrowser\bundles\utils

added 67 packages in 2s
==== Running npm ci --save=false --fund=false --audit=false --omit=optional in E:\copilotbrowser\packages\copilotbrowser\bundles\zip

added 15 packages in 1s
==== Running npm ci --save=false --fund=false --audit=false --omit=optional in E:\copilotbrowser\packages\copilotbrowser\bundles\mcp

added 92 packages in 4s
==== Running node E:\copilotbrowser\utils\generate_third_party_notice.js in E:\copilotbrowser
==== Running node utils/generate_clip_paths.js in E:\copilotbrowser
==== Running node utils/generate_injected.js in E:\copilotbrowser
==== Skipping xdg-open copy (not present on this platform)
==== Running 14 concurrent build steps in parallel
==== Running esbuild: packages\copilotbrowser\src\**\*.ts
==== Running esbuild: packages\copilotbrowser\src\**\*.ts
==== Running esbuild: packages\copilotbrowser\bundles\babel\src\babelBundleImpl.ts
==== Running esbuild: packages\copilotbrowser\bundles\expect\src\expectBundleImpl.ts
==== Running esbuild: packages\copilotbrowser\bundles\utils\src\utilsBundleImpl.ts
==== Running esbuild: packages\copilotbrowser\bundles\utils\src\utilsBundleImpl.ts
==== Running esbuild: packages\copilotbrowser\bundles\zip\src\zipBundleImpl.ts
==== Running esbuild: packages\copilotbrowser\bundles\mcp\src\mcpBundleImpl.ts
==== Running esbuild: packages\copilotbrowser\src\client-web\index.ts
==== Running npx vite --config vite.sw.config.ts build in E:\copilotbrowser\packages\trace-viewer
==== Running npx vite build --clearScreen=false in E:\copilotbrowser\packages\html-reporter
==== Running npx vite build --clearScreen=false in E:\copilotbrowser\packages\recorder
==== Running npx vite build --clearScreen=false in E:\copilotbrowser\packages\trace-viewer
==== Running npx vite build --clearScreen=false in E:\copilotbrowser\packages\devtools

Package contribution to bundle:
==== Done in 444 ms
==== Done in 1872 ms

Package contribution to bundle:
==== Done in 2556 ms
==== Done in 2590 ms

Package contribution to bundle:
==== Done in 3042 ms

Package contribution to bundle:
==== Done in 3289 ms

Package contribution to bundle:
==== Done in 3465 ms

Package contribution to bundle:
==== Done in 3474 ms

Package contribution to bundle:
==== Done in 3884 ms
Γû▓ [WARNING] Duplicate key "copilotbrowser/lib/*" in object literal [duplicate-object-key]

    tsconfig.json:26:6:
      26 Γöé       "copilotbrowser/lib/*": ["../copilotbrowser/src/*"],
         Γò╡       ~~~~~~~~~~~~~~~~~~~~~~

  The original key "copilotbrowser/lib/*" is here:

    tsconfig.json:25:6:
      25 Γöé       "copilotbrowser/lib/*": ["../copilotbrowser/src/*"],
         Γò╡       ~~~~~~~~~~~~~~~~~~~~~~

[36mvite v7.3.1 [32mbuilding client environment for production...[36m[39m
[36mvite v7.3.1 [32mbuilding client environment for production...[36m[39m
[36mvite v7.3.1 [32mbuilding client environment for production...[36m[39m
[36mvite v7.3.1 [32mbuilding client environment for production...[36m[39m
[36mvite v7.3.1 [32mbuilding client environment for production...[36m[39m
transforming...
transforming...
transforming...
transforming...
transforming...
[32mΓ£ô[39m 47 modules transformed.
rendering chunks...
computing gzip size...
[2m../copilotbrowser/lib/vite/traceViewer/[22m[36msw.bundle.js  [39m[1m[2m155.44 kB[22m[1m[22m[2m Γöé gzip: 71.03 kB[22m
[32mΓ£ô built in 520ms[39m
[32mΓ£ô[39m 41 modules transformed.
rendering chunks...
computing gzip size...
[2m../copilotbrowser/lib/vite/devtools/[22m[32mindex.html                 [39m[1m[2m  1.02 kB[22m[1m[22m[2m Γöé gzip:  0.63 kB[22m
[2m../copilotbrowser/lib/vite/devtools/[22m[35massets/index-C00OJni_.css  [39m[1m[2m  7.17 kB[22m[1m[22m[2m Γöé gzip:  2.08 kB[22m
[2m../copilotbrowser/lib/vite/devtools/[22m[36massets/index-CGiacDLo.js   [39m[1m[2m242.53 kB[22m[1m[22m[2m Γöé gzip: 74.66 kB[22m
[32mΓ£ô built in 1.13s[39m
[32mΓ£ô[39m 112 modules transformed.
rendering chunks...
computing gzip size...
[2mdist/[22m[32mindex.html                 [39m[1m[2m598.35 kB[22m[1m[22m[2m Γöé gzip: 245.69 kB[22m
[2mdist/[22m[35massets/style-DKB0hjz_.css  [39m[1m[2m108.09 kB[22m[1m[22m[2m Γöé gzip:  18.20 kB[22m
[2mdist/[22m[36massets/index-D8MOhhvB.js   [39m[1m[2m489.85 kB[22m[1m[22m[2m Γöé gzip: 226.52 kB[22m
[32mΓ£ô built in 2.21s[39m
[32mΓ£ô[39m 180 modules transformed.
rendering chunks...
computing gzip size...
[2m../copilotbrowser/lib/vite/recorder/[22m[32mindex.html                            [39m[1m[2m  1.09 kB[22m[1m[22m[2m Γöé gzip:   0.66 kB[22m
[2m../copilotbrowser/lib/vite/recorder/[22m[32massets/codicon-DCmgc-ay.ttf           [39m[1m[2m 80.34 kB[22m[1m[22m
[2m../copilotbrowser/lib/vite/recorder/[22m[35massets/codeMirrorModule-DYiZCVee.css  [39m[1m[2m  6.38 kB[22m[1m[22m[2m Γöé gzip:   1.66 kB[22m
[2m../copilotbrowser/lib/vite/recorder/[22m[35massets/index-CJwMN3lD.css             [39m[1m[2m 92.01 kB[22m[1m[22m[2m Γöé gzip:  15.31 kB[22m
[2m../copilotbrowser/lib/vite/recorder/[22m[36massets/codeMirrorModule-CLaY3rUP.js   [39m[1m[2m313.01 kB[22m[1m[22m[2m Γöé gzip: 103.28 kB[22m
[2m../copilotbrowser/lib/vite/recorder/[22m[36massets/index-BGqM49u9.js              [39m[1m[2m360.38 kB[22m[1m[22m[2m Γöé gzip: 111.84 kB[22m
[32mΓ£ô built in 2.57s[39m
[32mΓ£ô[39m 288 modules transformed.
rendering chunks...
computing gzip size...
[2m../copilotbrowser/lib/vite/traceViewer/[22m[32muiMode.html                             [39m[1m[2m  0.66 kB[22m[1m[22m[2m Γöé gzip:   0.37 kB[22m
[2m../copilotbrowser/lib/vite/traceViewer/[22m[32msnapshot.html                           [39m[1m[2m  0.94 kB[22m[1m[22m[2m Γöé gzip:   0.50 kB[22m
[2m../copilotbrowser/lib/vite/traceViewer/[22m[32mindex.html                              [39m[1m[2m  2.32 kB[22m[1m[22m[2m Γöé gzip:   1.04 kB[22m
[2m../copilotbrowser/lib/vite/traceViewer/[22m[32mcodicon.DCmgc-ay.ttf                    [39m[1m[2m 80.34 kB[22m[1m[22m
[2m../copilotbrowser/lib/vite/traceViewer/[22m[35mindex.DeWuacoZ.css                      [39m[1m[2m  1.85 kB[22m[1m[22m[2m Γöé gzip:   0.72 kB[22m
[2m../copilotbrowser/lib/vite/traceViewer/[22m[35mxtermModule.DDGTF8rc.css                [39m[1m[2m  3.62 kB[22m[1m[22m[2m Γöé gzip:   0.99 kB[22m
[2m../copilotbrowser/lib/vite/traceViewer/[22m[35mcodeMirrorModule.DYiZCVee.css           [39m[1m[2m  6.38 kB[22m[1m[22m[2m Γöé gzip:   1.66 kB[22m
[2m../copilotbrowser/lib/vite/traceViewer/[22m[35muiMode.B4lc_0hs.css                     [39m[1m[2m 60.22 kB[22m[1m[22m[2m Γöé gzip:   9.15 kB[22m
[2m../copilotbrowser/lib/vite/traceViewer/[22m[35mdefaultSettingsView.CHFDzXOb.css        [39m[1m[2m110.27 kB[22m[1m[22m[2m Γöé gzip:  18.79 kB[22m
[2m../copilotbrowser/lib/vite/traceViewer/[22m[36mindex.B9NM87na.js                       [39m[1m[2m  6.46 kB[22m[1m[22m[2m Γöé gzip:   2.54 kB[22m
[2m../copilotbrowser/lib/vite/traceViewer/[22m[36muiMode.DBNpmRqF.js                      [39m[1m[2m 36.32 kB[22m[1m[22m[2m Γöé gzip:  12.43 kB[22m
[2m../copilotbrowser/lib/vite/traceViewer/[22m[36massets/codeMirrorModule-C5ijGDnj.js     [39m[1m[2m313.02 kB[22m[1m[22m[2m Γöé gzip: 103.29 kB[22m
[2m../copilotbrowser/lib/vite/traceViewer/[22m[36massets/xtermModule-BJhQalvS.js          [39m[1m[2m330.54 kB[22m[1m[22m[2m Γöé gzip:  83.40 kB[22m
[2m../copilotbrowser/lib/vite/traceViewer/[22m[36massets/defaultSettingsView-BW0B458b.js  [39m[1m[33m630.55 kB[39m[22m[2m Γöé gzip: 187.68 kB[22m

(!) Some chunks are larger than 500 kB after minification. Consider:
- Using dynamic import() to code-split the application
- Use build.rollupOptions.output.manualChunks to improve chunking: https://rollupjs.org/configuration-options/#output-manualchunks
- Adjust chunk size limit for this warning via build.chunkSizeWarningLimit.
[32mΓ£ô built in 5.44s[39m
==== All concurrent steps finished in 10200 ms
==== Running node E:\copilotbrowser\utils\generate_cli_help.js in E:\copilotbrowser
Writing  packages\copilotbrowser\lib\cli\client\help.json
==== Running node E:\copilotbrowser\utils\generate_injected.js in E:\copilotbrowser
==== Running node E:\copilotbrowser\utils\generate_channels.js in E:\copilotbrowser
==== Running node E:\copilotbrowser\utils\generate_types\index.js in E:\copilotbrowser
Error: ENOENT: no such file or directory, open 'E:\copilotbrowser\packages\copilotbrowser\types\protocol.d.ts'
    at Object.readFileSync (node:fs:436:20)
    at writeFile (E:\copilotbrowser\utils\generate_types\index.js:618:25)
    at E:\copilotbrowser\utils\generate_types\index.js:631:3
    at Object.<anonymous> (E:\copilotbrowser\utils\generate_types\index.js:637:3)
    at Module._compile (node:internal/modules/cjs/loader:1811:14)
    at Object..js (node:internal/modules/cjs/loader:1951:10)
    at Module.load (node:internal/modules/cjs/loader:1532:32)
    at Module._load (node:internal/modules/cjs/loader:1334:12)
    at wrapModuleLoad (node:internal/modules/cjs/loader:255:19)
    at Module.executeUserEntryPoint [as runMain] (node:internal/modules/run_main:154:5)
    at node:internal/main/run_main_module:33:47 {
  errno: -4058,
  code: 'ENOENT',
  syscall: 'open',
  path: 'E:\\copilotbrowser\\packages\\copilotbrowser\\types\\protocol.d.ts'
}
E:\copilotbrowser\utils\build\build.js:169
          reject(new Error(`'${step.command} ${step.args.join(' ')}' exited with code ${code}, signal ${signal}`));
                 ^

Error: 'node E:\copilotbrowser\utils\generate_types\index.js' exited with code 1, signal null
    at ChildProcess.<anonymous> (E:\copilotbrowser\utils\build\build.js:169:18)
    at ChildProcess.emit (node:events:508:20)
    at maybeClose (node:internal/child_process:1084:16)
    at ChildProcess._handle.onexit (node:internal/child_process:304:5)

Node.js v25.7.0
